\BOOKMARK [0][-]{chapter*.1}{\376\377\122\115\212\000}{}% 1
\BOOKMARK [0][-]{chapter.1}{\376\377\217\157\116\366\135\345\172\013\151\202\217\360}{}% 2
\BOOKMARK [1][-]{section.1.1}{\376\377\217\157\116\366\116\016\217\157\116\366\123\161\147\072}{chapter.1}% 3
\BOOKMARK [1][-]{section.1.2}{\376\377\217\157\116\366\135\345\172\013\166\204\133\232\116\111\116\016\166\356\150\007}{chapter.1}% 4
\BOOKMARK [1][-]{section.1.3}{\376\377\150\110\117\213\377\032\217\157\116\366\123\161\147\072\166\204\123\206\123\362\124\015\150\110}{chapter.1}% 5
\BOOKMARK [1][-]{section.1.4}{\376\377\150\110\117\213\377\032\000I\000B\000M\000\040\000S\000y\000s\000t\000e\000m\000/\0003\0006\0000\000\040\116\016\060\012\116\272\147\010\171\136\213\335\060\013}{chapter.1}% 6
\BOOKMARK [1][-]{section.1.5}{\376\377\145\105\116\213\377\032\000N\000A\000T\000O\000\040\0001\0009\0006\0008\000\040\217\157\116\366\135\345\172\013\117\032\213\256}{chapter.1}% 7
\BOOKMARK [1][-]{section.1.6}{\376\377\150\110\117\213\377\032\123\103\136\164\206\153\377\010\000Y\0002\000K\377\011\123\161\147\072\116\016\121\150\164\003\176\364\142\244}{chapter.1}% 8
\BOOKMARK [1][-]{section.1.7}{\376\377\150\067\117\213\377\032\217\157\116\366\131\061\145\110\166\204\116\343\116\367\122\006\147\220}{chapter.1}% 9
\BOOKMARK [1][-]{section.1.8}{\376\377\213\250\213\272\377\032\217\157\116\366\123\161\147\072\166\204\145\260\137\142\140\001}{chapter.1}% 10
\BOOKMARK [1][-]{section.1.9}{\376\377\217\157\116\366\135\345\172\013\166\204\133\146\171\321\133\232\117\115\116\016\157\024\217\333\201\011\176\334}{chapter.1}% 11
\BOOKMARK [1][-]{section.1.10}{\376\377\000S\000W\000E\000B\000O\000K\000\040\116\016\167\345\213\306\117\123\174\373}{chapter.1}% 12
\BOOKMARK [1][-]{section.1.11}{\376\377\217\157\116\366\165\037\124\175\124\150\147\037}{chapter.1}% 13
\BOOKMARK [1][-]{section.1.12}{\376\377\146\172\200\375\217\157\116\366\135\345\172\013\137\025\213\272}{chapter.1}% 14
\BOOKMARK [2][-]{subsection.1.12.1}{\376\377\167\345\213\306\127\337\127\060\126\376}{section.1.12}% 15
\BOOKMARK [2][-]{subsection.1.12.2}{\376\377\000A\000I\0004\000S\000E\377\032\000A\000I\000\040\215\113\200\375\217\157\116\366\137\000\123\321\166\204\121\167\117\123\155\073\122\250}{section.1.12}% 16
\BOOKMARK [2][-]{subsection.1.12.3}{\376\377\000S\000E\0004\000A\000I\377\032\142\212\217\157\116\366\135\345\172\013\176\252\137\213\136\224\165\050\122\060\000\040\000A\000I\000\040\174\373\176\337}{section.1.12}% 17
\BOOKMARK [2][-]{subsection.1.12.4}{\376\377\146\172\200\375\217\157\116\366\135\345\172\013\200\375\122\233\126\376\214\061}{section.1.12}% 18
\BOOKMARK [2][-]{subsection.1.12.5}{\376\377\121\150\116\146\215\357\176\277\126\376}{section.1.12}% 19
\BOOKMARK [2][-]{subsection.1.12.6}{\376\377\146\172\200\375\217\157\116\366\135\345\172\013\116\016\117\040\176\337\217\157\116\366\135\345\172\013\166\204\133\371\161\147}{section.1.12}% 20
\BOOKMARK [2][-]{subsection.1.12.7}{\376\377\122\115\154\277\157\024\217\333\377\032\000A\000I\000\040\123\237\165\037\217\157\116\366\135\345\172\013}{section.1.12}% 21
\BOOKMARK [1][-]{section.1.13}{\376\377\147\054\172\340\134\017\176\323}{chapter.1}% 22
\BOOKMARK [0][-]{chapter.2}{\376\377\217\157\116\366\137\000\123\321\145\271\154\325\116\016\217\157\116\366\217\307\172\013}{}% 23
\BOOKMARK [1][-]{section.2.1}{\376\377\227\142\124\021\217\307\172\013\145\271\154\325}{chapter.2}% 24
\BOOKMARK [1][-]{section.2.2}{\376\377\227\142\124\021\133\371\214\141\145\271\154\325}{chapter.2}% 25
\BOOKMARK [1][-]{section.2.3}{\376\377\150\067\117\213\377\032\217\307\172\013\123\026\116\016\227\142\124\021\133\371\214\141\166\204\133\236\163\260\133\371\153\324}{chapter.2}% 26
\BOOKMARK [1][-]{section.2.4}{\376\377\145\105\116\213\377\032\000D\000i\000j\000k\000s\000t\000r\000a\000\040\116\016\000\040\000G\000O\000T\000O\000\040\116\113\116\211}{chapter.2}% 27
\BOOKMARK [1][-]{section.2.5}{\376\377\150\110\117\213\377\032\145\271\154\325\133\146\225\031\165\050\166\204\116\343\116\367}{chapter.2}% 28
\BOOKMARK [1][-]{section.2.6}{\376\377\150\067\117\213\377\032\227\142\124\021\133\371\214\141\140\035\140\363\166\204\145\345\136\070\174\173\153\324}{chapter.2}% 29
\BOOKMARK [1][-]{section.2.7}{\376\377\150\110\117\213\377\032\145\271\154\325\157\024\217\333\166\204\124\057\171\072}{chapter.2}% 30
\BOOKMARK [1][-]{section.2.8}{\376\377\127\372\116\216\176\304\116\366\116\016\147\015\122\241\145\271\154\325}{chapter.2}% 31
\BOOKMARK [1][-]{section.2.9}{\376\377\145\117\143\167\145\271\154\325}{chapter.2}% 32
\BOOKMARK [1][-]{section.2.10}{\376\377\146\172\200\375\123\026\137\000\123\321\145\271\154\325}{chapter.2}% 33
\BOOKMARK [2][-]{subsection.2.10.1}{\376\377\000A\000I\000\040\127\050\176\317\121\170\145\271\154\325\116\055\166\204\211\322\202\162\167\351\226\065}{section.2.10}% 34
\BOOKMARK [2][-]{subsection.2.10.2}{\376\377\146\172\200\375\137\000\123\321\145\271\154\325\166\204\133\236\215\365\155\101\172\013\116\016\134\100\226\120}{section.2.10}% 35
\BOOKMARK [1][-]{section.2.11}{\376\377\146\172\200\375\123\026\137\000\123\321\145\271\154\325\166\204\135\345\172\013\133\236\215\365}{chapter.2}% 36
\BOOKMARK [2][-]{subsection.2.11.1}{\376\377\146\172\200\375\123\026\137\000\123\321\145\271\154\325\166\204\136\070\211\301\213\357\123\072}{section.2.11}% 37
\BOOKMARK [2][-]{subsection.2.11.2}{\376\377\122\115\154\277\157\024\217\333\377\032\116\316\145\271\154\325\122\060\203\003\137\017\040\024\040\024\141\017\126\376\232\161\122\250\137\000\123\321}{section.2.11}% 38
\BOOKMARK [1][-]{section.2.12}{\376\377\217\307\172\013\116\016\116\373\122\241}{chapter.2}% 39
\BOOKMARK [1][-]{section.2.13}{\376\377\217\307\172\013\150\106\147\266}{chapter.2}% 40
\BOOKMARK [1][-]{section.2.14}{\376\377\176\317\121\170\217\307\172\013\152\041\127\213}{chapter.2}% 41
\BOOKMARK [1][-]{section.2.15}{\376\377\145\105\116\213\377\032\160\021\136\003\152\041\127\213\166\204\165\061\147\145}{chapter.2}% 42
\BOOKMARK [1][-]{section.2.16}{\376\377\150\110\117\213\377\032\160\021\136\003\152\041\127\213\166\204\133\236\215\365\145\131\213\255}{chapter.2}% 43
\BOOKMARK [1][-]{section.2.17}{\376\377\150\067\117\213\377\032\217\355\116\343\137\000\123\321\116\016\160\021\136\003\166\204\217\333\136\246\133\371\153\324}{chapter.2}% 44
\BOOKMARK [1][-]{section.2.18}{\376\377\150\110\117\213\377\032\217\307\172\013\220\011\225\031\166\204\121\170\127\213\230\171\166\356}{chapter.2}% 45
\BOOKMARK [1][-]{section.2.19}{\376\377\176\337\116\000\217\307\172\013\116\016\145\117\143\167\137\000\123\321}{chapter.2}% 46
\BOOKMARK [1][-]{section.2.20}{\376\377\000A\000I\000\040\145\366\116\343\166\204\217\157\116\366\217\307\172\013}{chapter.2}% 47
\BOOKMARK [2][-]{subsection.2.20.1}{\376\377\217\307\172\013\121\103\152\041\127\213\166\204\000\040\000A\000I\000\040\123\026}{section.2.20}% 48
\BOOKMARK [2][-]{subsection.2.20.2}{\376\377\211\304\150\074\123\163\116\343\170\001\173\111\145\260\217\307\172\013\137\142\140\001}{section.2.20}% 49
\BOOKMARK [2][-]{subsection.2.20.3}{\376\377\000A\000I\000\040\130\236\137\072\217\307\172\013\166\204\204\075\127\060\135\345\117\134\155\101}{section.2.20}% 50
\BOOKMARK [1][-]{section.2.21}{\376\377\000A\000I\000\040\130\236\137\072\217\307\172\013\133\236\215\365}{chapter.2}% 51
\BOOKMARK [2][-]{subsection.2.21.1}{\376\377\000A\000I\000\040\130\236\137\072\217\307\172\013\166\204\136\070\211\301\213\357\123\072}{section.2.21}% 52
\BOOKMARK [2][-]{subsection.2.21.2}{\376\377\122\115\154\277\157\024\217\333\377\032\136\163\123\360\135\345\172\013\060\001\121\205\220\350\137\000\123\321\200\005\136\163\123\360\116\016\000\040\000G\000i\000t\000O\000p\000s}{section.2.21}% 53
\BOOKMARK [1][-]{section.2.22}{\376\377\147\054\172\340\134\017\176\323}{chapter.2}% 54
\BOOKMARK [0][-]{chapter.3}{\376\377\227\000\154\102\135\345\172\013\116\016\165\050\117\213\136\372\152\041}{}% 55
\BOOKMARK [1][-]{section.3.1}{\376\377\217\157\116\366\227\000\154\102\166\204\151\202\137\365}{chapter.3}% 56
\BOOKMARK [1][-]{section.3.2}{\376\377\227\000\154\102\135\345\172\013\166\204\217\307\172\013}{chapter.3}% 57
\BOOKMARK [1][-]{section.3.3}{\376\377\227\000\154\102\203\267\123\326\142\200\147\057}{chapter.3}% 58
\BOOKMARK [1][-]{section.3.4}{\376\377\150\110\117\213\377\032\227\000\154\102\225\031\213\357\166\204\116\343\116\367\226\217\226\066\153\265\130\236\225\177}{chapter.3}% 59
\BOOKMARK [1][-]{section.3.5}{\376\377\150\067\117\213\377\032\152\041\174\312\227\000\154\102\116\016\146\016\170\156\227\000\154\102\166\204\145\071\121\231}{chapter.3}% 60
\BOOKMARK [1][-]{section.3.6}{\376\377\150\110\117\213\377\032\227\000\154\102\213\304\133\241\143\075\145\121\230\171\166\356\166\204\121\170\127\213\176\317\123\206}{chapter.3}% 61
\BOOKMARK [1][-]{section.3.7}{\376\377\150\067\117\213\377\032\116\316\213\277\214\010\213\260\137\125\122\060\227\000\154\102\147\141\166\356\166\204\146\040\134\004}{chapter.3}% 62
\BOOKMARK [1][-]{section.3.8}{\376\377\165\050\117\213\136\372\152\041\116\016\227\000\154\102\122\006\147\220}{chapter.3}% 63
\BOOKMARK [1][-]{section.3.9}{\376\377\227\000\154\102\211\304\150\074\213\364\146\016}{chapter.3}% 64
\BOOKMARK [1][-]{section.3.10}{\376\377\146\172\200\375\123\026\227\000\154\102\122\006\147\220}{chapter.3}% 65
\BOOKMARK [1][-]{section.3.11}{\376\377\146\172\200\375\227\000\154\102\135\345\172\013\133\236\215\365}{chapter.3}% 66
\BOOKMARK [2][-]{subsection.3.11.1}{\376\377\146\172\200\375\227\000\154\102\135\345\172\013\166\204\136\070\211\301\226\167\226\061}{section.3.11}% 67
\BOOKMARK [2][-]{subsection.3.11.2}{\376\377\122\115\154\277\157\024\217\333\377\032\227\000\154\102\123\163\116\343\170\001\377\010\000S\000p\000e\000c\000-\000a\000s\000-\000C\000o\000d\000e\377\011}{section.3.11}% 68
\BOOKMARK [1][-]{section.3.12}{\376\377\000U\000M\000L\000\040\166\204\147\204\142\020}{chapter.3}% 69
\BOOKMARK [1][-]{section.3.13}{\376\377\000U\000M\000L\000\040\166\204\126\376}{chapter.3}% 70
\BOOKMARK [1][-]{section.3.14}{\376\377\000A\000I\000\040\217\205\122\251\136\372\152\041}{chapter.3}% 71
\BOOKMARK [1][-]{section.3.15}{\376\377\146\172\200\375\136\372\152\041\133\236\215\365}{chapter.3}% 72
\BOOKMARK [2][-]{subsection.3.15.1}{\376\377\000A\000I\000\040\217\205\122\251\136\372\152\041\166\204\211\201\160\271\116\016\213\357\123\072}{section.3.15}% 73
\BOOKMARK [2][-]{subsection.3.15.2}{\376\377\122\115\154\277\157\024\217\333\377\032\136\372\152\041\123\163\116\343\170\001\116\016\152\041\127\213\165\037\142\020\224\376}{section.3.15}% 74
\BOOKMARK [1][-]{section.3.16}{\376\377\147\054\172\340\134\017\176\323}{chapter.3}% 75
\BOOKMARK [0][-]{chapter.4}{\376\377\217\157\116\366\122\006\147\220}{}% 76
\BOOKMARK [1][-]{section.4.1}{\376\377\122\006\147\220\155\073\122\250\116\016\122\066\124\301}{chapter.4}% 77
\BOOKMARK [1][-]{section.4.2}{\376\377\122\006\147\220\152\041\127\213\116\016\116\011\131\047\211\306\126\376}{chapter.4}% 78
\BOOKMARK [1][-]{section.4.3}{\376\377\122\006\147\220\174\173\166\204\116\011\171\315\174\173\127\213}{chapter.4}% 79
\BOOKMARK [1][-]{section.4.4}{\376\377\227\142\124\021\133\371\214\141\122\006\147\220\166\204\217\307\172\013}{chapter.4}% 80
\BOOKMARK [1][-]{section.4.5}{\376\377\150\067\117\213\377\032\126\376\116\146\120\037\226\005\174\373\176\337\166\204\122\006\147\220\152\041\127\213}{chapter.4}% 81
\BOOKMARK [1][-]{section.4.6}{\376\377\150\110\117\213\377\032\230\206\127\337\152\041\127\213\131\202\117\125\176\337\116\000\126\342\226\037\213\355\212\000}{chapter.4}% 82
\BOOKMARK [1][-]{section.4.7}{\376\377\150\067\117\213\377\032\116\316\227\000\154\102\143\317\217\360\122\060\122\006\147\220\152\041\127\213\166\204\217\154\123\330}{chapter.4}% 83
\BOOKMARK [1][-]{section.4.8}{\376\377\146\172\200\375\122\006\147\220\122\251\142\113}{chapter.4}% 84
\BOOKMARK [1][-]{section.4.9}{\376\377\146\172\200\375\122\006\147\220\133\236\215\365}{chapter.4}% 85
\BOOKMARK [2][-]{subsection.4.9.1}{\376\377\146\172\200\375\122\006\147\220\166\204\211\201\160\271\116\016\213\357\123\072}{section.4.9}% 86
\BOOKMARK [1][-]{section.4.10}{\376\377\230\206\127\337\232\161\122\250\213\276\213\241\122\035\153\145\116\016\116\213\116\366\230\316\146\264}{chapter.4}% 87
\BOOKMARK [1][-]{section.4.11}{\376\377\147\054\172\340\134\017\176\323}{chapter.4}% 88
\BOOKMARK [0][-]{chapter.5}{\376\377\217\157\116\366\213\276\213\241\116\016\213\276\213\241\152\041\137\017}{}% 89
\BOOKMARK [1][-]{section.5.1}{\376\377\213\276\213\241\123\237\164\006}{chapter.5}% 90
\BOOKMARK [1][-]{section.5.2}{\376\377\117\123\174\373\176\323\147\204\213\276\213\241}{chapter.5}% 91
\BOOKMARK [1][-]{section.5.3}{\376\377\150\110\117\213\377\032\232\330\121\205\200\132\117\116\200\046\124\010\166\204\116\044\171\315\213\276\213\241}{chapter.5}% 92
\BOOKMARK [1][-]{section.5.4}{\376\377\150\067\117\213\377\032\117\123\174\373\176\323\147\204\230\316\150\074\220\011\127\213}{chapter.5}% 93
\BOOKMARK [1][-]{section.5.5}{\376\377\145\105\116\213\377\032\116\316\123\125\117\123\122\060\137\256\147\015\122\241\166\204\157\024\217\333}{chapter.5}% 94
\BOOKMARK [1][-]{section.5.6}{\376\377\150\110\117\213\377\032\213\276\213\241\145\207\150\143\177\072\131\061\166\204\116\343\116\367}{chapter.5}% 95
\BOOKMARK [1][-]{section.5.7}{\376\377\227\142\124\021\133\371\214\141\213\276\213\241}{chapter.5}% 96
\BOOKMARK [1][-]{section.5.8}{\376\377\146\172\200\375\123\026\213\276\213\241}{chapter.5}% 97
\BOOKMARK [1][-]{section.5.9}{\376\377\146\172\200\375\123\026\213\276\213\241\133\236\215\365}{chapter.5}% 98
\BOOKMARK [2][-]{subsection.5.9.1}{\376\377\146\172\200\375\123\026\213\276\213\241\166\204\211\201\160\271\116\016\213\357\123\072}{section.5.9}% 99
\BOOKMARK [2][-]{subsection.5.9.2}{\376\377\122\115\154\277\157\024\217\333\377\032\123\357\157\024\123\026\147\266\147\204\116\016\147\266\147\204\220\002\136\224\136\246\121\375\145\160}{section.5.9}% 100
\BOOKMARK [1][-]{section.5.10}{\376\377\152\041\137\017\166\204\127\372\147\054\211\201\175\040\116\016\116\367\120\074}{chapter.5}% 101
\BOOKMARK [1][-]{section.5.11}{\376\377\152\041\137\017\166\204\122\006\174\173}{chapter.5}% 102
\BOOKMARK [1][-]{section.5.12}{\376\377\150\067\117\213\377\032\173\126\165\145\152\041\137\017\166\204\136\224\165\050}{chapter.5}% 103
\BOOKMARK [1][-]{section.5.13}{\376\377\150\067\117\213\377\032\211\302\133\337\200\005\152\041\137\017\166\204\136\224\165\050}{chapter.5}% 104
\BOOKMARK [1][-]{section.5.14}{\376\377\150\110\117\213\377\032\152\041\137\017\156\345\165\050\166\204\123\315\117\213}{chapter.5}% 105
\BOOKMARK [1][-]{section.5.15}{\376\377\145\105\116\213\377\032\000G\000o\000F\000\040\116\016\060\012\213\276\213\241\152\041\137\017\060\013}{chapter.5}% 106
\BOOKMARK [1][-]{section.5.16}{\376\377\152\041\137\017\116\016\000\040\000A\000I\000\040\116\343\170\001\165\037\142\020}{chapter.5}% 107
\BOOKMARK [1][-]{section.5.17}{\376\377\000A\000I\000\040\165\037\142\020\152\041\137\017\116\343\170\001\166\204\133\236\215\365}{chapter.5}% 108
\BOOKMARK [2][-]{subsection.5.17.1}{\376\377\152\041\137\017\116\016\000\040\000A\000I\000\040\166\204\211\201\160\271\133\371\161\147}{section.5.17}% 109
\BOOKMARK [2][-]{subsection.5.17.2}{\376\377\122\115\154\277\157\024\217\333\377\032\152\041\137\017\167\345\213\306\136\223\116\016\000\040\000A\000I\000\040\232\161\122\250\166\204\221\315\147\204}{section.5.17}% 110
\BOOKMARK [1][-]{section.5.18}{\376\377\147\054\172\340\134\017\176\323}{chapter.5}% 111
\BOOKMARK [0][-]{chapter.6}{\376\377\217\157\116\366\133\236\163\260\116\016\155\113\213\325}{}% 112
\BOOKMARK [1][-]{section.6.1}{\376\377\217\157\116\366\177\026\170\001\166\204\135\345\117\134}{chapter.6}% 113
\BOOKMARK [1][-]{section.6.2}{\376\377\177\026\170\001\211\304\203\003}{chapter.6}% 114
\BOOKMARK [1][-]{section.6.3}{\376\377\116\343\170\001\150\300\147\345\116\016\133\241\147\345}{chapter.6}% 115
\BOOKMARK [1][-]{section.6.4}{\376\377\150\067\117\213\377\032\124\175\124\015\116\316\174\337\174\325\122\060\202\157\131\175}{chapter.6}% 116
\BOOKMARK [1][-]{section.6.5}{\376\377\150\110\117\213\377\032\116\343\170\001\133\241\147\345\142\223\117\117\166\204\176\317\121\170\177\072\226\167}{chapter.6}% 117
\BOOKMARK [1][-]{section.6.6}{\376\377\150\067\117\213\377\032\154\350\221\312\116\016\145\207\150\143\166\204\211\304\203\003\121\231\154\325}{chapter.6}% 118
\BOOKMARK [1][-]{section.6.7}{\376\377\150\110\117\213\377\032\116\000\116\375\123\357\213\373\166\204\116\343\170\001\200\334\217\307\123\101\230\165\145\207\150\143}{chapter.6}% 119
\BOOKMARK [1][-]{section.6.8}{\376\377\146\172\200\375\177\026\170\001}{chapter.6}% 120
\BOOKMARK [1][-]{section.6.9}{\376\377\146\172\200\375\177\026\170\001\133\236\215\365}{chapter.6}% 121
\BOOKMARK [2][-]{subsection.6.9.1}{\376\377\146\172\200\375\177\026\170\001\166\204\211\201\160\271\116\016\213\357\123\072}{section.6.9}% 122
\BOOKMARK [2][-]{subsection.6.9.2}{\376\377\122\115\154\277\157\024\217\333\377\032\116\012\116\013\145\207\135\345\172\013\116\016\000\040\000A\000I\000\040\177\026\170\001\154\273\164\006}{section.6.9}% 123
\BOOKMARK [1][-]{section.6.10}{\376\377\127\372\147\054\151\202\137\365}{chapter.6}% 124
\BOOKMARK [1][-]{section.6.11}{\376\377\232\214\213\301\116\016\170\156\213\244\155\073\122\250}{chapter.6}% 125
\BOOKMARK [1][-]{section.6.12}{\376\377\155\113\213\325\145\207\150\143\116\016\155\113\213\325\217\307\172\013}{chapter.6}% 126
\BOOKMARK [1][-]{section.6.13}{\376\377\155\113\213\325\142\200\147\057}{chapter.6}% 127
\BOOKMARK [1][-]{section.6.14}{\376\377\150\067\117\213\377\032\173\111\116\367\174\173\122\022\122\006\213\276\213\241\155\113\213\325\165\050\117\213}{chapter.6}% 128
\BOOKMARK [1][-]{section.6.15}{\376\377\150\067\117\213\377\032\217\271\165\114\120\074\122\006\147\220\142\176\121\372\167\037\133\236\177\072\226\167}{chapter.6}% 129
\BOOKMARK [1][-]{section.6.16}{\376\377\150\110\117\213\377\032\155\113\213\325\116\015\215\263\166\204\116\343\116\367}{chapter.6}% 130
\BOOKMARK [1][-]{section.6.17}{\376\377\146\172\200\375\155\113\213\325}{chapter.6}% 131
\BOOKMARK [2][-]{subsection.6.17.1}{\376\377\000A\000I\000\040\165\037\142\020\155\113\213\325\165\050\117\213\166\204\135\345\117\134\155\101}{section.6.17}% 132
\BOOKMARK [2][-]{subsection.6.17.2}{\376\377\146\172\200\375\177\072\226\167\133\232\117\115\166\204\135\345\117\134\155\101}{section.6.17}% 133
\BOOKMARK [1][-]{section.6.18}{\376\377\146\172\200\375\155\113\213\325\133\236\215\365}{chapter.6}% 134
\BOOKMARK [2][-]{subsection.6.18.1}{\376\377\146\172\200\375\155\113\213\325\166\204\211\201\160\271\116\016\213\357\123\072}{section.6.18}% 135
\BOOKMARK [2][-]{subsection.6.18.2}{\376\377\122\115\154\277\157\024\217\333\377\032\155\113\213\325\135\346\171\373\060\001\131\121\176\246\155\113\213\325\116\016\213\304\155\113\232\161\122\250\137\000\123\321}{section.6.18}% 136
\BOOKMARK [1][-]{section.6.19}{\376\377\147\054\172\340\134\017\176\323}{chapter.6}% 137
\BOOKMARK [0][-]{chapter.7}{\376\377\217\157\116\366\157\024\123\026\116\016\215\050\221\317\117\335\213\301}{}% 138
\BOOKMARK [1][-]{section.7.1}{\376\377\217\157\116\366\157\024\123\026\166\204\211\304\137\213}{chapter.7}% 139
\BOOKMARK [1][-]{section.7.2}{\376\377\217\157\116\366\176\364\142\244}{chapter.7}% 140
\BOOKMARK [1][-]{section.7.3}{\376\377\217\157\116\366\121\215\135\345\172\013\116\016\220\006\124\021\135\345\172\013}{chapter.7}% 141
\BOOKMARK [1][-]{section.7.4}{\376\377\150\110\117\213\377\032\220\127\165\131\174\373\176\337\166\204\176\364\142\244\126\360\130\203}{chapter.7}% 142
\BOOKMARK [1][-]{section.7.5}{\376\377\145\105\116\213\377\032\000Y\0002\000K\000\040\121\150\164\003\176\364\142\244\142\030\137\171}{chapter.7}% 143
\BOOKMARK [1][-]{section.7.6}{\376\377\150\067\117\213\377\032\221\315\147\204\217\330\146\057\221\315\121\231}{chapter.7}% 144
\BOOKMARK [1][-]{section.7.7}{\376\377\146\172\200\375\123\026\176\364\142\244}{chapter.7}% 145
\BOOKMARK [2][-]{subsection.7.7.1}{\376\377\000A\000I\000\040\217\205\122\251\177\072\226\167\133\232\117\115\116\016\117\356\131\015\166\204\135\345\117\134\155\101}{section.7.7}% 146
\BOOKMARK [1][-]{section.7.8}{\376\377\146\172\200\375\123\026\176\364\142\244\133\236\215\365}{chapter.7}% 147
\BOOKMARK [2][-]{subsection.7.8.1}{\376\377\146\172\200\375\123\026\176\364\142\244\166\204\211\201\160\271\116\016\213\357\123\072}{section.7.8}% 148
\BOOKMARK [2][-]{subsection.7.8.2}{\376\377\122\115\154\277\157\024\217\333\377\032\123\357\211\302\155\113\140\047\060\001\000S\000R\000E\000\040\116\016\155\367\154\214\135\345\172\013}{section.7.8}% 149
\BOOKMARK [1][-]{section.7.9}{\376\377\147\011\172\167\162\266\140\001\147\072}{chapter.7}% 150
\BOOKMARK [1][-]{section.7.10}{\376\377\000P\000e\000t\000r\000i\000\040\177\121}{chapter.7}% 151
\BOOKMARK [1][-]{section.7.11}{\376\377\150\067\117\213\377\032\176\242\176\377\160\157\143\247\122\066\126\150\166\204\147\011\172\167\162\266\140\001\147\072\136\372\152\041}{chapter.7}% 152
\BOOKMARK [1][-]{section.7.12}{\376\377\150\110\117\213\377\032\117\046\145\146\127\060\224\301\117\341\123\367\174\373\176\337\166\204\137\142\137\017\123\026\136\224\165\050}{chapter.7}% 153
\BOOKMARK [1][-]{section.7.13}{\376\377\150\110\117\213\377\032\172\172\133\242\000\040\000A\0003\0008\0000\000\040\230\336\143\247\217\157\116\366\166\204\137\142\137\017\123\026\232\214\213\301}{chapter.7}% 154
\BOOKMARK [1][-]{section.7.14}{\376\377\150\110\117\213\377\032\137\142\137\017\123\026\145\271\154\325\166\204\142\020\147\054\116\016\134\100\226\120}{chapter.7}% 155
\BOOKMARK [1][-]{section.7.15}{\376\377\145\105\116\213\377\032\116\316\215\050\165\221\122\060\135\345\116\032\213\244\123\357}{chapter.7}% 156
\BOOKMARK [1][-]{section.7.16}{\376\377\000Z\000\040\145\271\154\325}{chapter.7}% 157
\BOOKMARK [1][-]{section.7.17}{\376\377\146\172\200\375\137\142\137\017\123\026\232\214\213\301}{chapter.7}% 158
\BOOKMARK [2][-]{subsection.7.17.1}{\376\377\116\316\201\352\161\066\213\355\212\000\122\060\137\142\137\017\211\304\203\003\166\204\135\345\117\134\155\101}{section.7.17}% 159
\BOOKMARK [1][-]{section.7.18}{\376\377\146\172\200\375\137\142\137\017\123\026\232\214\213\301\133\236\215\365}{chapter.7}% 160
\BOOKMARK [2][-]{subsection.7.18.1}{\376\377\146\172\200\375\137\142\137\017\123\026\232\214\213\301\166\204\211\201\160\271\116\016\213\357\123\072}{section.7.18}% 161
\BOOKMARK [2][-]{subsection.7.18.2}{\376\377\122\115\154\277\157\024\217\333\377\032\000A\000I\000\040\176\304\116\366\166\204\131\032\134\102\232\214\213\301\150\010}{section.7.18}% 162
\BOOKMARK [1][-]{section.7.19}{\376\377\147\054\172\340\134\017\176\323}{chapter.7}% 163
\BOOKMARK [0][-]{chapter.8}{\376\377\217\157\116\366\230\171\166\356\173\241\164\006}{}% 164
\BOOKMARK [1][-]{section.8.1}{\376\377\116\272\124\130\176\304\176\307\116\016\173\241\164\006}{chapter.8}% 165
\BOOKMARK [1][-]{section.8.2}{\376\377\230\171\166\356\154\237\220\032\116\016\211\304\122\022}{chapter.8}% 166
\BOOKMARK [1][-]{section.8.3}{\376\377\230\316\226\151\173\241\164\006}{chapter.8}% 167
\BOOKMARK [1][-]{section.8.4}{\376\377\150\110\117\213\377\032\160\153\146\037\154\024\120\031\217\150\220\123\126\150\166\204\136\246\221\317\145\131\213\255}{chapter.8}% 168
\BOOKMARK [1][-]{section.8.5}{\376\377\150\110\117\213\377\032\154\237\220\032\131\061\215\045\166\204\230\171\166\356\116\213\145\105}{chapter.8}% 169
\BOOKMARK [1][-]{section.8.6}{\376\377\150\067\117\213\377\032\230\171\166\356\230\316\226\151\166\173\213\260\210\150}{chapter.8}% 170
\BOOKMARK [1][-]{section.8.7}{\376\377\150\110\117\213\377\032\230\316\226\151\210\253\137\375\165\145\166\204\121\170\127\213\230\171\166\356}{chapter.8}% 171
\BOOKMARK [1][-]{section.8.8}{\376\377\217\157\116\366\221\115\177\156\173\241\164\006}{chapter.8}% 172
\BOOKMARK [1][-]{section.8.9}{\376\377\146\172\200\375\123\026\173\241\164\006}{chapter.8}% 173
\BOOKMARK [2][-]{subsection.8.9.1}{\376\377\000A\000I\000\040\217\205\122\251\117\060\173\227\060\001\217\333\136\246\215\337\216\052\116\016\230\316\226\151\213\306\122\053}{section.8.9}% 174
\BOOKMARK [2][-]{subsection.8.9.2}{\376\377\146\172\200\375\173\241\164\006\166\204\136\246\221\317\143\007\150\007}{section.8.9}% 175
\BOOKMARK [2][-]{subsection.8.9.3}{\376\377\146\172\200\375\173\241\164\006\166\204\143\320\171\072\213\315\152\041\147\177}{section.8.9}% 176
\BOOKMARK [2][-]{subsection.8.9.4}{\376\377\146\172\200\375\173\241\164\006\166\204\134\100\226\120\116\016\131\061\215\045\152\041\137\017}{section.8.9}% 177
\BOOKMARK [1][-]{section.8.10}{\376\377\146\172\200\375\123\026\173\241\164\006\133\236\215\365}{chapter.8}% 178
\BOOKMARK [2][-]{subsection.8.10.1}{\376\377\146\172\200\375\123\026\173\241\164\006\133\236\215\365\133\236\117\213\377\032\000A\000I\000\040\230\316\226\151\213\306\122\053}{section.8.10}% 179
\BOOKMARK [2][-]{subsection.8.10.2}{\376\377\146\172\200\375\123\026\173\241\164\006\166\204\211\201\160\271\116\016\213\357\123\072}{section.8.10}% 180
\BOOKMARK [2][-]{subsection.8.10.3}{\376\377\122\115\154\277\157\024\217\333\377\032\000D\000e\000v\000O\000p\000s\000\040\136\246\221\317\116\016\000\040\000A\000I\000\040\232\161\122\250\145\110\200\375\173\241\164\006}{section.8.10}% 181
\BOOKMARK [1][-]{section.8.11}{\376\377\230\171\166\356\131\015\166\330\116\016\136\246\221\317\225\355\163\257}{chapter.8}% 182
\BOOKMARK [1][-]{section.8.12}{\376\377\147\054\172\340\134\017\176\323}{chapter.8}% 183
\BOOKMARK [0][-]{chapter.9}{\376\377\217\157\116\366\135\345\172\013\135\345\121\167\060\001\133\236\215\365\116\016\117\046\164\006}{}% 184
\BOOKMARK [1][-]{section.9.1}{\376\377\000C\000A\000S\000E\000\040\135\345\121\167}{chapter.9}% 185
\BOOKMARK [1][-]{section.9.2}{\376\377\000L\000L\000M\000\040\145\366\116\343\166\204\146\172\200\375\135\345\121\167\224\376}{chapter.9}% 186
\BOOKMARK [2][-]{subsection.9.2.1}{\376\377\146\172\200\375\135\345\121\167\224\376\166\204\220\011\127\213\167\351\226\065}{section.9.2}% 187
\BOOKMARK [2][-]{subsection.9.2.2}{\376\377\146\172\200\375\135\345\121\167\224\376\166\204\226\306\142\020\147\266\147\204}{section.9.2}% 188
\BOOKMARK [2][-]{subsection.9.2.3}{\376\377\146\172\200\375\135\345\121\167\224\376\166\204\136\372\213\276\116\016\154\273\164\006\153\145\232\244}{section.9.2}% 189
\BOOKMARK [1][-]{section.9.3}{\376\377\135\345\121\167\166\204\220\011\142\351\116\016\136\224\165\050}{chapter.9}% 190
\BOOKMARK [1][-]{section.9.4}{\376\377\146\172\200\375\135\345\121\167\224\376\166\204\136\372\213\276\116\016\154\273\164\006}{chapter.9}% 191
\BOOKMARK [2][-]{subsection.9.4.1}{\376\377\146\172\200\375\135\345\121\167\224\376\166\204\204\075\127\060\133\236\117\213\377\032\177\026\170\001\122\251\142\113\166\204\137\025\121\145\116\016\154\273\164\006}{section.9.4}% 192
\BOOKMARK [2][-]{subsection.9.4.2}{\376\377\146\172\200\375\135\345\121\167\224\376\166\204\154\273\164\006\156\005\123\125}{section.9.4}% 193
\BOOKMARK [2][-]{subsection.9.4.3}{\376\377\122\115\154\277\157\024\217\333\377\032\163\260\116\343\146\172\200\375\177\026\170\001\135\345\121\167\224\376\165\037\140\001}{section.9.4}% 194
\BOOKMARK [1][-]{section.9.5}{\376\377\116\272\124\130\175\040\215\050\116\016\126\342\226\037\123\117\117\134}{chapter.9}% 195
\BOOKMARK [1][-]{section.9.6}{\376\377\146\172\200\375\217\157\116\366\135\345\172\013\166\204\133\236\215\365\203\003\137\017}{chapter.9}% 196
\BOOKMARK [2][-]{subsection.9.6.1}{\376\377\146\172\200\375\137\000\123\321\126\342\226\037\200\375\122\233\152\041\127\213}{section.9.6}% 197
\BOOKMARK [2][-]{subsection.9.6.2}{\376\377\117\046\164\006\121\263\173\126\150\106\147\266}{section.9.6}% 198
\BOOKMARK [1][-]{section.9.7}{\376\377\200\114\116\032\220\123\137\267\116\016\117\046\164\006\143\021\142\030}{chapter.9}% 199
\BOOKMARK [1][-]{section.9.8}{\376\377\123\357\117\341\000\040\000A\000I\000\040\116\016\154\273\164\006\150\106\147\266}{chapter.9}% 200
\BOOKMARK [2][-]{subsection.9.8.1}{\376\377\117\046\164\006\122\060\135\345\172\013\147\072\122\066\166\204\204\075\127\060}{section.9.8}% 201
\BOOKMARK [2][-]{subsection.9.8.2}{\376\377\122\115\154\277\157\024\217\333\377\032\000A\000I\000\040\154\273\164\006\116\016\124\010\211\304\122\115\154\277}{section.9.8}% 202
\BOOKMARK [1][-]{section.9.9}{\376\377\147\054\172\340\134\017\176\323}{chapter.9}% 203
\BOOKMARK [0][-]{chapter.10}{\376\377\000A\000I\000\040\174\373\176\337\135\345\172\013\116\016\000\040\000M\000L\000O\000p\000s}{}% 204
\BOOKMARK [1][-]{section.10.1}{\376\377\000A\000I\000\040\174\373\176\337\166\204\135\345\172\013\162\171\140\047}{chapter.10}% 205
\BOOKMARK [1][-]{section.10.2}{\376\377\145\160\143\156\135\345\172\013}{chapter.10}% 206
\BOOKMARK [1][-]{section.10.3}{\376\377\152\041\127\213\137\000\123\321\116\016\213\304\155\113}{chapter.10}% 207
\BOOKMARK [2][-]{subsection.10.3.1}{\376\377\000M\000L\000O\000p\000s\000\040\133\236\232\214\136\163\123\360\116\016\152\041\127\213\154\350\121\214}{section.10.3}% 208
\BOOKMARK [1][-]{section.10.4}{\376\377\213\304\155\113\136\163\123\360\116\016\133\236\232\214\225\355\163\257}{chapter.10}% 209
\BOOKMARK [1][-]{section.10.5}{\376\377\150\067\117\213\377\032\126\376\120\317\122\006\174\173\116\373\122\241\166\204\145\160\143\156\173\241\176\277}{chapter.10}% 210
\BOOKMARK [1][-]{section.10.6}{\376\377\150\110\117\213\377\032\116\000\116\052\116\012\176\277\124\016\140\047\200\375\116\013\226\115\166\204\152\041\127\213}{chapter.10}% 211
\BOOKMARK [1][-]{section.10.7}{\376\377\220\350\177\162\116\016\166\321\143\247\377\010\000M\000L\000O\000p\000s\377\011}{chapter.10}% 212
\BOOKMARK [2][-]{subsection.10.7.1}{\376\377\162\171\137\201\133\130\120\250\116\016\166\321\143\247\124\112\213\146}{section.10.7}% 213
\BOOKMARK [2][-]{subsection.10.7.2}{\376\377\152\041\127\213\123\321\136\003\116\016\126\336\156\332\173\126\165\145}{section.10.7}% 214
\BOOKMARK [2][-]{subsection.10.7.3}{\376\377\166\321\143\247\143\007\150\007\117\123\174\373\116\016\145\160\143\156\210\100\177\030}{section.10.7}% 215
\BOOKMARK [1][-]{section.10.8}{\376\377\000A\000I\000\040\174\373\176\337\166\204\155\113\213\325\116\016\215\050\221\317}{chapter.10}% 216
\BOOKMARK [1][-]{section.10.9}{\376\377\000L\000L\000M\000O\000p\000s\000\040\116\016\146\172\200\375\123\026\134\125\147\033}{chapter.10}% 217
\BOOKMARK [2][-]{subsection.10.9.1}{\376\377\000M\000L\000O\000p\000s\000\040\166\204\136\070\211\301\131\061\215\045\152\041\137\017}{section.10.9}% 218
\BOOKMARK [2][-]{subsection.10.9.2}{\376\377\000L\000L\000M\000\040\136\224\165\050\166\204\213\304\155\113\060\001\143\320\171\072\213\315\173\241\164\006\116\016\142\020\147\054\154\273\164\006}{section.10.9}% 219
\BOOKMARK [2][-]{subsection.10.9.3}{\376\377\122\115\154\277\157\024\217\333\377\032\000L\000L\000M\000O\000p\000s\000\040\155\361\123\026\116\016\146\172\200\375\117\123\213\304\117\060}{section.10.9}% 220
\BOOKMARK [1][-]{section.10.10}{\376\377\147\054\172\340\134\017\176\323}{chapter.10}% 221
\BOOKMARK [0][-]{chapter.11}{\376\377\131\047\152\041\127\213\136\224\165\050\137\000\123\321\203\003\137\017}{}% 222
\BOOKMARK [1][-]{section.11.1}{\376\377\143\320\171\072\213\315\135\345\172\013}{chapter.11}% 223
\BOOKMARK [2][-]{subsection.11.1.1}{\376\377\143\320\171\072\213\315\152\041\147\177\117\123\174\373}{section.11.1}% 224
\BOOKMARK [1][-]{section.11.2}{\376\377\116\012\116\013\145\207\135\345\172\013\116\016\000\040\000R\000A\000G}{chapter.11}% 225
\BOOKMARK [1][-]{section.11.3}{\376\377\000L\000L\000M\000\040\146\172\200\375\117\123}{chapter.11}% 226
\BOOKMARK [1][-]{section.11.4}{\376\377\116\272\147\072\123\117\124\014\137\000\123\321\203\003\137\017}{chapter.11}% 227
\BOOKMARK [1][-]{section.11.5}{\376\377\146\172\200\375\117\123\166\204\215\050\221\317\060\001\133\211\121\150\116\016\154\273\164\006}{chapter.11}% 228
\BOOKMARK [2][-]{subsection.11.5.1}{\376\377\146\172\200\375\117\123\136\224\165\050\166\204\136\070\211\301\213\357\123\072\116\016\154\273\164\006}{section.11.5}% 229
\BOOKMARK [2][-]{subsection.11.5.2}{\376\377\122\115\154\277\157\024\217\333\377\032\131\032\146\172\200\375\117\123\174\373\176\337\116\016\123\117\117\134\203\003\137\017}{section.11.5}% 230
\BOOKMARK [1][-]{section.11.6}{\376\377\000L\000L\000M\000\040\136\224\165\050\174\373\176\337\166\204\147\266\147\204\152\041\137\017}{chapter.11}% 231
\BOOKMARK [1][-]{section.11.7}{\376\377\152\041\127\213\220\011\127\213\060\001\214\003\165\050\116\016\215\357\165\061\154\273\164\006}{chapter.11}% 232
\BOOKMARK [1][-]{section.11.8}{\376\377\000R\000A\000G\000\040\136\224\165\050\135\345\172\013\123\026}{chapter.11}% 233
\BOOKMARK [1][-]{section.11.9}{\376\377\143\320\171\072\213\315\116\016\116\012\116\013\145\207\135\345\172\013\155\361\123\026}{chapter.11}% 234
\BOOKMARK [1][-]{section.11.10}{\376\377\000L\000L\000M\000\040\136\224\165\050\166\204\213\304\155\113\116\016\215\050\221\317\117\335\226\234}{chapter.11}% 235
\BOOKMARK [1][-]{section.11.11}{\376\377\000L\000L\000M\000\040\136\224\165\050\166\204\123\357\211\302\155\113\140\047\116\016\142\020\147\054\154\273\164\006}{chapter.11}% 236
\BOOKMARK [2][-]{subsection.11.11.1}{\376\377\000L\000L\000M\000\040\136\224\165\050\135\345\172\013\166\204\211\201\160\271\116\016\213\357\123\072}{section.11.11}% 237
\BOOKMARK [2][-]{subsection.11.11.2}{\376\377\122\115\154\277\157\024\217\333\377\032\225\177\116\012\116\013\145\207\060\001\131\032\152\041\140\001\116\016\152\041\127\213\217\355\116\343}{section.11.11}% 238
\BOOKMARK [1][-]{section.11.12}{\376\377\147\054\172\340\134\017\176\323}{chapter.11}% 239
\BOOKMARK [0][-]{chapter.12}{\376\377\146\172\200\375\117\123\174\373\176\337\135\345\172\013}{}% 240
\BOOKMARK [1][-]{section.12.1}{\376\377\146\172\200\375\117\123\174\373\176\337\166\204\135\345\172\013\147\266\147\204}{chapter.12}% 241
\BOOKMARK [1][-]{section.12.2}{\376\377\123\125\146\172\200\375\117\123\377\032\135\345\121\167\060\001\211\304\122\022\116\016\142\147\210\114}{chapter.12}% 242
\BOOKMARK [1][-]{section.12.3}{\376\377\131\032\146\172\200\375\117\123\123\117\117\134\174\373\176\337}{chapter.12}% 243
\BOOKMARK [1][-]{section.12.4}{\376\377\146\172\200\375\117\123\213\304\155\113\116\016\133\211\121\150\154\273\164\006}{chapter.12}% 244
\BOOKMARK [2][-]{subsection.12.4.1}{\376\377\200\375\122\233\213\304\155\113\377\032\127\372\121\306\060\001\217\150\217\371\116\016\225\355\163\257}{section.12.4}% 245
\BOOKMARK [2][-]{subsection.12.4.2}{\376\377\133\211\121\150\154\273\164\006\377\032\142\244\150\017\060\001\154\350\121\145\116\016\147\145\156\220\133\241\213\241}{section.12.4}% 246
\BOOKMARK [1][-]{section.12.5}{\376\377\000A\000I\000\040\232\161\122\250\137\000\123\321\166\204\176\304\176\307\116\016\145\110\200\375}{chapter.12}% 247
\BOOKMARK [1][-]{section.12.6}{\376\377\142\177\116\012\124\057\116\013\377\032\116\316\146\172\200\375\117\123\122\060\000\040\000A\000I\000\040\123\237\165\037\217\157\116\366\135\345\172\013}{chapter.12}% 248
\BOOKMARK [2][-]{subsection.12.6.1}{\376\377\146\172\200\375\217\157\116\366\135\345\172\013\133\236\215\365\166\204\211\201\160\271\116\016\213\357\123\072}{section.12.6}% 249
\BOOKMARK [2][-]{subsection.12.6.2}{\376\377\122\115\154\277\157\024\217\333\377\032\116\316\146\172\200\375\117\123\122\060\146\172\200\375\217\157\116\366\135\345\172\013\176\304\176\307}{section.12.6}% 250
\BOOKMARK [1][-]{section.12.7}{\376\377\147\054\172\340\134\017\176\323}{chapter.12}% 251
\BOOKMARK [0][-]{chapter.13}{\376\377\000A\000I\000\040\123\237\165\037\217\157\116\366\135\345\172\013}{}% 252
\BOOKMARK [1][-]{section.13.1}{\376\377\116\316\146\172\200\375\130\236\137\072\122\060\000\040\000A\000I\000\040\123\237\165\037}{chapter.13}% 253
\BOOKMARK [2][-]{subsection.13.1.1}{\376\377\000A\000I\000\040\123\237\165\037\166\204\126\333\134\102\200\375\122\233\150\010}{section.13.1}% 254
\BOOKMARK [2][-]{subsection.13.1.2}{\376\377\203\003\137\017\217\154\123\330\166\204\116\011\116\052\145\057\160\271}{section.13.1}% 255
\BOOKMARK [1][-]{section.13.2}{\376\377\141\017\126\376\232\161\122\250\166\204\137\000\123\321\155\101\172\013}{chapter.13}% 256
\BOOKMARK [1][-]{section.13.3}{\376\377\211\304\150\074\123\163\116\343\170\001\166\204\135\345\172\013\123\026}{chapter.13}% 257
\BOOKMARK [1][-]{section.13.4}{\376\377\116\012\116\013\145\207\116\016\167\345\213\306\215\104\116\247\166\204\176\304\176\307}{chapter.13}% 258
\BOOKMARK [1][-]{section.13.5}{\376\377\232\214\213\301\117\030\121\110\166\204\122\006\176\247\215\050\221\317\225\350\171\201}{chapter.13}% 259
\BOOKMARK [1][-]{section.13.6}{\376\377\000A\000I\000\040\123\237\165\037\137\000\123\321\166\204\176\304\176\307\116\016\155\101\172\013\121\215\220\040}{chapter.13}% 260
\BOOKMARK [2][-]{subsection.13.6.1}{\376\377\122\115\154\277\157\024\217\333\377\032\116\316\177\026\170\001\122\060\121\150\155\101\172\013\166\204\000\040\000A\000I\000\040\123\237\165\037}{section.13.6}% 261
\BOOKMARK [1][-]{section.13.7}{\376\377\000A\000I\000\040\123\237\165\037\136\163\123\360\377\032\152\041\127\213\116\016\135\345\121\167\224\376\142\020\116\072\127\372\170\100\213\276\145\275}{chapter.13}% 262
\BOOKMARK [2][-]{subsection.13.7.1}{\376\377\000A\000I\000\040\123\237\165\037\136\163\123\360\166\204\131\061\215\045\152\041\137\017}{section.13.7}% 263
\BOOKMARK [1][-]{section.13.8}{\376\377\116\316\135\345\121\167\224\376\122\060\136\163\123\360\377\032\000A\000I\000\040\123\237\165\037\137\000\123\321\163\257\130\203\166\204\157\024\217\333}{chapter.13}% 264
\BOOKMARK [1][-]{section.13.9}{\376\377\000A\000I\000\040\123\237\165\037\176\304\176\307\377\032\116\272\147\072\155\367\124\010\126\342\226\037}{chapter.13}% 265
\BOOKMARK [2][-]{subsection.13.9.1}{\376\377\000A\000I\000\040\123\237\165\037\176\304\176\307\166\204\154\273\164\006\116\016\215\043\116\373}{section.13.9}% 266
\BOOKMARK [1][-]{section.13.10}{\376\377\146\172\200\375\217\157\116\366\135\345\172\013\166\204\136\246\221\317\116\016\154\273\164\006}{chapter.13}% 267
\BOOKMARK [1][-]{section.13.11}{\376\377\147\052\147\145\166\204\135\345\172\013\136\010\377\032\133\232\116\111\060\001\177\026\143\222\060\001\173\126\134\125\116\016\133\241\147\345}{chapter.13}% 268
\BOOKMARK [1][-]{section.13.12}{\376\377\146\172\200\375\217\157\116\366\135\345\172\013\134\125\147\033}{chapter.13}% 269
\BOOKMARK [2][-]{subsection.13.12.1}{\376\377\122\115\154\277\157\024\217\333\377\032\116\316\000\040\000A\000I\000\040\123\237\165\037\122\060\201\352\116\073\217\157\116\366\135\345\172\013}{section.13.12}% 270
\BOOKMARK [1][-]{section.13.13}{\376\377\147\054\172\340\134\017\176\323}{chapter.13}% 271
\BOOKMARK [0][-]{chapter.14}{\376\377\217\157\116\366\135\345\172\013\000\040\0003\000.\0000\377\032\131\047\152\041\127\213\232\161\122\250\166\204\170\024\123\321\145\260\203\003\137\017}{}% 272
\BOOKMARK [1][-]{section.14.1}{\376\377\116\316\217\157\116\366\135\345\172\013\000\040\0001\000.\0000\000\040\122\060\000\040\0003\000.\0000}{chapter.14}% 273
\BOOKMARK [1][-]{section.14.2}{\376\377\217\157\116\366\135\345\172\013\000\040\0003\000.\0000\000\040\166\204\133\232\116\111\116\016\162\171\137\201}{chapter.14}% 274
\BOOKMARK [1][-]{section.14.3}{\376\377\217\157\116\366\123\163\152\041\127\213}{chapter.14}% 275
\BOOKMARK [1][-]{section.14.4}{\376\377\131\047\152\041\127\213\166\204\126\333\116\052\221\315\145\260\133\232\116\111}{chapter.14}% 276
\BOOKMARK [1][-]{section.14.5}{\376\377\217\157\116\366\135\345\172\013\000\040\0003\000.\0000\000\040\166\204\170\024\123\321\136\163\123\360\116\016\135\345\121\167\224\376}{chapter.14}% 277
\BOOKMARK [1][-]{section.14.6}{\376\377\145\260\121\164\137\000\123\321\145\271\154\325\213\272\377\032\000V\000i\000b\000e\000\040\000C\000o\000d\000i\000n\000g\000\040\116\016\146\172\200\375\117\123\135\345\172\013}{chapter.14}% 278
\BOOKMARK [2][-]{subsection.14.6.1}{\376\377\116\316\123\237\127\213\122\060\165\037\116\247\166\204\133\236\215\365\215\357\137\204}{section.14.6}% 279
\BOOKMARK [1][-]{section.14.7}{\376\377\215\205\176\247\116\052\117\123\116\016\116\272\147\072\155\367\124\010\170\024\123\321}{chapter.14}% 280
\BOOKMARK [2][-]{subsection.14.7.1}{\376\377\122\115\154\277\157\024\217\333\377\032\116\316\143\320\171\072\232\161\122\250\122\060\201\352\116\073\142\147\210\114}{section.14.7}% 281
\BOOKMARK [1][-]{section.14.8}{\376\377\147\054\172\340\134\017\176\323}{chapter.14}% 282
\BOOKMARK [0][-]{chapter.15}{\376\377\201\352\116\073\217\157\116\366\135\345\172\013\377\032\146\172\200\375\117\123\177\121\176\334\116\016\201\352\116\073\137\000\123\321}{}% 283
\BOOKMARK [1][-]{section.15.1}{\376\377\201\352\116\073\217\157\116\366\135\345\172\013\166\204\151\202\137\365}{chapter.15}% 284
\BOOKMARK [1][-]{section.15.2}{\376\377\201\352\116\073\140\047\122\006\176\247\152\041\127\213}{chapter.15}% 285
\BOOKMARK [1][-]{section.15.3}{\376\377\201\352\116\073\140\047\122\006\176\247\133\236\215\365}{chapter.15}% 286
\BOOKMARK [1][-]{section.15.4}{\376\377\201\352\116\073\137\000\123\321\135\345\117\134\155\101}{chapter.15}% 287
\BOOKMARK [1][-]{section.15.5}{\376\377\146\172\200\375\117\123\177\121\176\334\377\032\211\304\152\041\123\026\123\117\117\134}{chapter.15}% 288
\BOOKMARK [1][-]{section.15.6}{\376\377\146\172\200\375\117\123\177\121\176\334\166\204\142\323\142\121\116\016\123\117\213\256}{chapter.15}% 289
\BOOKMARK [1][-]{section.15.7}{\376\377\117\341\116\373\116\016\232\214\213\301}{chapter.15}% 290
\BOOKMARK [2][-]{subsection.15.7.1}{\376\377\232\214\213\301\122\006\176\247\377\032\201\352\122\250\150\300\147\345\060\001\000A\000I\000\040\201\352\213\304\116\016\116\272\135\345\133\241\147\345}{section.15.7}% 291
\BOOKMARK [1][-]{section.15.8}{\376\377\201\352\116\073\217\157\116\366\135\345\172\013\166\204\230\316\226\151\116\016\154\273\164\006}{chapter.15}% 292
\BOOKMARK [2][-]{subsection.15.8.1}{\376\377\122\115\154\277\157\024\217\333\377\032\116\316\201\352\116\073\116\373\122\241\122\060\201\352\116\073\217\157\116\366}{section.15.8}% 293
\BOOKMARK [1][-]{section.15.9}{\376\377\147\054\172\340\134\017\176\323}{chapter.15}% 294
\BOOKMARK [0][-]{chapter.16}{\376\377\146\172\200\375\217\157\116\366\135\345\172\013\166\204\154\273\164\006\060\001\133\211\121\150\116\016\147\052\147\145}{}% 295
\BOOKMARK [1][-]{section.16.1}{\376\377\131\047\152\041\127\213\145\366\116\343\166\204\217\157\116\366\133\211\121\150}{chapter.16}% 296
\BOOKMARK [2][-]{subsection.16.1.1}{\376\377\126\333\174\173\132\001\200\301\166\204\121\170\127\213\127\072\146\157\116\016\226\062\176\277\204\075\117\115}{section.16.1}% 297
\BOOKMARK [1][-]{section.16.2}{\376\377\146\172\200\375\217\157\116\366\135\345\172\013\166\204\154\273\164\006\150\106\147\266}{chapter.16}% 298
\BOOKMARK [1][-]{section.16.3}{\376\377\154\273\164\006\150\106\147\266\166\204\176\304\176\307\204\075\127\060}{chapter.16}% 299
\BOOKMARK [1][-]{section.16.4}{\376\377\176\304\176\307\116\016\116\272\142\115\157\024\217\333}{chapter.16}% 300
\BOOKMARK [2][-]{subsection.16.4.1}{\376\377\116\272\142\115\142\200\200\375\217\154\127\213\215\357\137\204}{section.16.4}% 301
\BOOKMARK [1][-]{section.16.5}{\376\377\136\246\221\317\060\001\133\241\213\241\116\016\215\043\116\373}{chapter.16}% 302
\BOOKMARK [2][-]{subsection.16.5.1}{\376\377\136\246\221\317\117\123\174\373\166\204\136\372\213\276\211\201\160\271}{section.16.5}% 303
\BOOKMARK [1][-]{section.16.6}{\376\377\217\157\116\366\135\345\172\013\000\040\0003\000.\0000\000\040\166\204\147\052\147\145\215\357\176\277}{chapter.16}% 304
\BOOKMARK [1][-]{section.16.7}{\376\377\121\150\116\146\176\323\213\355}{chapter.16}% 305
\BOOKMARK [2][-]{subsection.16.7.1}{\376\377\122\115\154\277\157\024\217\333\377\032\227\142\124\021\217\157\116\366\135\345\172\013\000\040\0003\000.\0000\000\040\166\204\137\000\145\076\225\356\230\230}{section.16.7}% 306
\BOOKMARK [1][-]{section.16.8}{\376\377\147\054\172\340\134\017\176\323}{chapter.16}% 307
\BOOKMARK [0][-]{chapter*.2}{\376\377\124\016\213\260}{}% 308
\BOOKMARK [1][-]{section.16.9}{\376\377\123\302\200\003\145\207\163\056}{chapter*.2}% 309
